../Core/Src/main.c:66:5:main	216	static
../Core/Src/main.c:195:6:SystemClock_Config	88	static
../Core/Src/main.c:242:13:MX_USART2_UART_Init	8	static
../Core/Src/main.c:275:13:MX_GPIO_Init	40	static
../Core/Src/main.c:305:6:Bootloader_Init	8	static
../Core/Src/main.c:319:9:Bootloader_CheckForUpdate	8	static
../Core/Src/main.c:327:9:Buffer_ReadBytes	32	static
../Core/Src/main.c:353:9:Bootloader_Main	376	static
../Core/Src/main.c:623:6:Bootloader_JumpToApplication	32	static,ignoring_inline_asm
../Core/Src/main.c:684:9:Bootloader_EraseFlash	48	static
../Core/Src/main.c:737:9:Bootloader_WriteFlash	56	static
../Core/Src/main.c:801:9:Bootloader_ReadFlash	32	static
../Core/Src/main.c:827:10:Bootloader_CalculateChecksum	32	static
../Core/Src/main.c:861:6:Bootloader_SendResponse	16	static
../Core/Src/main.c:869:6:Bootloader_SendData	16	static
../Core/Src/main.c:876:6:Buffer_Put	16	static
../Core/Src/main.c:889:9:Buffer_Get	16	static
../Core/Src/main.c:901:10:Buffer_Available	16	static
../Core/Src/main.c:906:9:Buffer_Peek	32	static
../Core/Src/main.c:918:6:HAL_UART_RxCpltCallback	16	static
../Core/Src/main.c:932:6:Error_Handler	4	static,ignoring_inline_asm
